2026-06-18 10:21:00,228 INFO:main.py:246:print_splash_screen:PDB2PQR v3.7.1: biomolecular structure conversion software.
2026-06-18 10:21:00,229 INFO:main.py:248:print_splash_screen:Please cite:  Jurrus E, et al.  Improvements to the APBS biomolecular solvation software suite.  Protein Sci 27 112-128 (2018).
2026-06-18 10:21:00,229 INFO:main.py:248:print_splash_screen:Please cite:  Dolinsky TJ, et al.  PDB2PQR: expanding and upgrading automated preparation of biomolecular structures for molecular simulations. Nucleic Acids Res 35 W522-W525 (2007).
2026-06-18 10:21:00,229 INFO:main.py:770:main_driver:Checking and transforming input arguments.
2026-06-18 10:21:00,229 INFO:main.py:774:main_driver:Loading topology files.
2026-06-18 10:21:00,264 INFO:main.py:776:main_driver:Loading molecule: 1ake.pdb
2026-06-18 10:21:00,274 INFO:main.py:781:main_driver:Setting up molecule.
2026-06-18 10:21:00,282 WARNING:biomolecule.py:995:create_residue:Unable to find amino or nucleic acid definition for AP5.  Parsing as new residue.
2026-06-18 10:21:00,283 WARNING:biomolecule.py:995:create_residue:Unable to find amino or nucleic acid definition for AP5.  Parsing as new residue.
2026-06-18 10:21:00,284 INFO:main.py:423:setup_molecule:Created biomolecule object with 808 residues and 3804 atoms.
2026-06-18 10:21:00,284 WARNING:main.py:433:setup_molecule:Multiple occupancies found: CD in ARG A 167.
2026-06-18 10:21:00,284 WARNING:main.py:433:setup_molecule:Multiple occupancies found: NE in ARG A 167.
2026-06-18 10:21:00,284 WARNING:main.py:433:setup_molecule:Multiple occupancies found: CZ in ARG A 167.
2026-06-18 10:21:00,284 WARNING:main.py:433:setup_molecule:Multiple occupancies found: NH1 in ARG A 167.
2026-06-18 10:21:00,284 WARNING:main.py:433:setup_molecule:Multiple occupancies found: NH2 in ARG A 167.
2026-06-18 10:21:00,284 WARNING:main.py:439:setup_molecule:Multiple occupancies found in ARG A 167. At least one of the instances is being ignored.
2026-06-18 10:21:00,284 INFO:main.py:785:main_driver:Setting termini states for biomolecule chains.
2026-06-18 10:21:00,290 INFO:main.py:616:non_trivial:Loading forcefield.
2026-06-18 10:21:00,309 INFO:main.py:620:non_trivial:Loading hydrogen topology definitions.
2026-06-18 10:21:00,312 INFO:main.py:474:is_repairable:This biomolecule is clean.  No repair needed.
2026-06-18 10:21:00,312 INFO:main.py:635:non_trivial:Updating disulfide bridges.
2026-06-18 10:21:00,312 INFO:main.py:638:non_trivial:Debumping biomolecule.
2026-06-18 10:21:00,376 INFO:main.py:661:non_trivial:Adding hydrogens to biomolecule.
2026-06-18 10:21:00,581 INFO:main.py:664:non_trivial:Debumping biomolecule (again).
2026-06-18 10:21:00,851 INFO:main.py:666:non_trivial:Optimizing hydrogen bonds
2026-06-18 10:21:01,107 WARNING:debump.py:361:get_closest_atom:Skipped atom during water optimization: H2 in HOH A 539 skipped when optimizing H2 in HOH A 326
2026-06-18 10:21:01,109 WARNING:debump.py:361:get_closest_atom:Skipped atom during water optimization: H2 in HOH A 409 skipped when optimizing H2 in HOH A 431
2026-06-18 10:21:01,110 WARNING:debump.py:361:get_closest_atom:Skipped atom during water optimization: H2 in HOH A 409 skipped when optimizing H2 in HOH A 431
2026-06-18 10:21:01,110 WARNING:debump.py:361:get_closest_atom:Skipped atom during water optimization: H1 in HOH A 352 skipped when optimizing H1 in HOH A 522
2026-06-18 10:21:01,111 WARNING:debump.py:361:get_closest_atom:Skipped atom during water optimization: H1 in HOH A 352 skipped when optimizing H1 in HOH A 522
2026-06-18 10:21:01,112 WARNING:debump.py:361:get_closest_atom:Skipped atom during water optimization: LP1 in HOH A 409 skipped when optimizing H1 in HOH A 522
2026-06-18 10:21:01,112 WARNING:debump.py:361:get_closest_atom:Skipped atom during water optimization: LP1 in HOH A 409 skipped when optimizing H1 in HOH A 522
2026-06-18 10:21:01,113 WARNING:debump.py:361:get_closest_atom:Skipped atom during water optimization: LP1 in HOH A 409 skipped when optimizing H1 in HOH A 522
2026-06-18 10:21:01,113 WARNING:debump.py:361:get_closest_atom:Skipped atom during water optimization: LP1 in HOH A 409 skipped when optimizing H1 in HOH A 522
2026-06-18 10:21:01,119 WARNING:io.py:44:filter:Suppressing further "Skipped atom during water optimization" messages
2026-06-18 10:21:04,020 INFO:main.py:678:non_trivial:Applying force field to biomolecule states.
2026-06-18 10:21:04,025 INFO:main.py:725:non_trivial:Regenerating headers.
2026-06-18 10:21:04,026 INFO:main.py:750:non_trivial:Regenerating PDB lines.
2026-06-18 10:21:04,051 WARNING:main.py:326:print_pqr:Ignoring 4625 header lines in output.
2026-06-18 10:21:04,051 WARNING:main.py:330:print_pqr:Ignoring 114 missing lines in output.
